{
    "fasta_dir - proper": {
        "content": [
            {
                "0": [
                    {
                        "genome_uuid": "2b5fb047-5992-4dfb-b2fa-1fb4e18d1abb"
                    }
                ],
                "1": [
                    "2b5fb047-5992-4dfb-b2fa-1fb4e18d1abb.fasta.txt:md5,3f0c6815f7ac60684d6b4f11ceb67633"
                ]
            }
        ],
        "meta": {
            "nf-test": "0.9.2",
            "nextflow": "23.10.1"
        },
        "timestamp": "2025-09-23T23:57:09.915945"
    },
    "fasta_file - inactive": {
        "content": [
            {
                "0": [
                    [
                        {
                            "genome_uuid": "2b5fb047-5992-4dfb-b2fa-1fb4e18d1abb"
                        },
                        "2b5fb047-5992-4dfb-b2fa-1fb4e18d1abb.fasta.txt:md5,68b329da9893e34099c7d8ad5cb9c940"
                    ]
                ]
            }
        ],
        "meta": {
            "nf-test": "0.9.2",
            "nextflow": "23.10.1"
        },
        "timestamp": "2025-10-10T10:56:16.226607"
    },
    "fasta_file - proper": {
        "content": [
            {
                "0": [
                    [
                        {
                            "genome_uuid": "2b5fb047-5992-4dfb-b2fa-1fb4e18d1abb"
                        },
                        "2b5fb047-5992-4dfb-b2fa-1fb4e18d1abb.fasta.txt:md5,3f0c6815f7ac60684d6b4f11ceb67633"
                    ]
                ]
            }
        ],
        "meta": {
            "nf-test": "0.9.2",
            "nextflow": "23.10.1"
        },
        "timestamp": "2025-10-09T18:37:54.016165"
    },
    "fasta_dir - old factory": {
        "content": [
            {
                "0": [
                    [
                        {
                            "genome_uuid": "2b5fb047-5992-4dfb-b2fa-1fb4e18d1abb",
                            "species": "homo_sapiens",
                            "assembly": "GRCh38"
                        },
                        "2b5fb047-5992-4dfb-b2fa-1fb4e18d1abb.fasta.txt:md5,0ae926d296714cbced39a91e55303d33"
                    ]
                ]
            }
        ],
        "meta": {
            "nf-test": "0.9.2",
            "nextflow": "23.10.1"
        },
        "timestamp": "2025-10-09T18:38:06.28555"
    },
    "fasta_dir - current factory": {
        "content": [
            {
                "0": [
                    [
                        {
                            "genome_uuid": "2b5fb047-5992-4dfb-b2fa-1fb4e18d1abb"
                        },
                        "2b5fb047-5992-4dfb-b2fa-1fb4e18d1abb.fasta.txt:md5,3f0c6815f7ac60684d6b4f11ceb67633"
                    ]
                ]
            }
        ],
        "meta": {
            "nf-test": "0.9.2",
            "nextflow": "23.10.1"
        },
        "timestamp": "2025-10-09T18:38:02.272624"
    }
}