{
    "multiple source": {
        "content": [
            {
                "0": [
                    [
                        {
                            "synonym_file": "homo_sapiens_grch38.synonyms:md5,4d2076f947bfda03b7644988ae595950"
                        },
                        {
                            "source": "MULTIPLE",
                            "sources": "CerealsDB,Watkins-exome-capture",
                            "sources_meta_file": "sources_meta.json:md5,327e9a4b81422f1166049c3fbb600306"
                        },
                        "FORMATTED-null-test_multiple_source.vcf.vcf.gz:md5,7504f6bc5166128f3a00b1c70bb7bc29",
                        "FORMATTED-null-test_multiple_source.vcf.vcf.gz.csi:md5,6567ac6c2a02c024bb21842e136358d6"
                    ]
                ]
            }
        ],
        "meta": {
            "nf-test": "0.9.2",
            "nextflow": "23.10.1"
        },
        "timestamp": "2026-03-03T09:54:34.073497"
    },
    "remove criteria - none": {
        "content": [
            {
                "0": [
                    [
                        {
                            "synonym_file": "homo_sapiens_grch38.synonyms:md5,4d2076f947bfda03b7644988ae595950"
                        },
                        {
                            "source": "dbSNP",
                            "sources_meta_file": "sources_meta.json:md5,327e9a4b81422f1166049c3fbb600306"
                        },
                        "FORMATTED-null-test_format_vcf.vcf.vcf.gz:md5,10ad7d4d592009aaef2882f5fcbfe52e",
                        "FORMATTED-null-test_format_vcf.vcf.vcf.gz.csi:md5,7eb5ca06dd9bd2e568ee485db450e4d3"
                    ]
                ]
            }
        ],
        "meta": {
            "nf-test": "0.9.2",
            "nextflow": "23.10.1"
        },
        "timestamp": "2026-03-03T09:54:30.348756"
    },
    "HGSVC field - NODEID": {
        "content": [
            {
                "0": [
                    [
                        {
                            "synonym_file": "homo_sapiens_grch38.synonyms:md5,4d2076f947bfda03b7644988ae595950"
                        },
                        {
                            "source": "HGSVC3",
                            "sources_meta_file": "sources_meta.json:md5,327e9a4b81422f1166049c3fbb600306"
                        },
                        "FORMATTED-null-test_hgsvc_variant.vcf.vcf.gz:md5,cda77facc1e41675a7491b8d9601a041",
                        "FORMATTED-null-test_hgsvc_variant.vcf.vcf.gz.csi:md5,be4839a47f476253b129a373f2d29dbe"
                    ]
                ]
            }
        ],
        "meta": {
            "nf-test": "0.9.2",
            "nextflow": "23.10.1"
        },
        "timestamp": "2026-03-03T09:54:41.564361"
    },
    "remove criteria - patch regions": {
        "content": [
            {
                "0": [
                    [
                        {
                            "synonym_file": "homo_sapiens_grch38.synonyms:md5,4d2076f947bfda03b7644988ae595950"
                        },
                        {
                            "source": "dbSNP",
                            "sources_meta_file": "sources_meta.json:md5,327e9a4b81422f1166049c3fbb600306"
                        },
                        "FORMATTED-null-test_format_vcf.vcf.vcf.gz:md5,269c2f7dbfed51d9ee1f3f2f57d34de0",
                        "FORMATTED-null-test_format_vcf.vcf.vcf.gz.csi:md5,5ab66b0228dfde96be8679765562545f"
                    ]
                ]
            }
        ],
        "meta": {
            "nf-test": "0.9.2",
            "nextflow": "23.10.1"
        },
        "timestamp": "2026-03-03T09:54:26.467425"
    },
    "SV fields - SVLEN and END": {
        "content": [
            {
                "0": [
                    [
                        {
                            "synonym_file": "homo_sapiens_grch38.synonyms:md5,4d2076f947bfda03b7644988ae595950"
                        },
                        {
                            "source": "dbVar",
                            "sources_meta_file": "sources_meta.json:md5,327e9a4b81422f1166049c3fbb600306"
                        },
                        "FORMATTED-null-test_structural_variant.vcf.vcf.gz:md5,fe344e7c0d5e4a72cd6f3f7e840c564d",
                        "FORMATTED-null-test_structural_variant.vcf.vcf.gz.csi:md5,478352a43d80b1977fa48a3153e83cd3"
                    ]
                ]
            }
        ],
        "meta": {
            "nf-test": "0.9.2",
            "nextflow": "23.10.1"
        },
        "timestamp": "2026-03-03T09:54:37.877166"
    },
    "remove criteria - non-unique ids": {
        "content": [
            {
                "0": [
                    [
                        {
                            "synonym_file": "homo_sapiens_grch38.synonyms:md5,4d2076f947bfda03b7644988ae595950"
                        },
                        {
                            "source": "dbSNP",
                            "sources_meta_file": "sources_meta.json:md5,327e9a4b81422f1166049c3fbb600306"
                        },
                        "FORMATTED-null-test_format_vcf.vcf.vcf.gz:md5,25b1cd4d5bc145b575e7917b87883629",
                        "FORMATTED-null-test_format_vcf.vcf.vcf.gz.csi:md5,99c4da11f672d9f256ba136c094054f1"
                    ]
                ]
            }
        ],
        "meta": {
            "nf-test": "0.9.2",
            "nextflow": "23.10.1"
        },
        "timestamp": "2026-03-03T09:54:22.85569"
    },
    "remove criteria - all": {
        "content": [
            {
                "0": [
                    [
                        {
                            "synonym_file": "homo_sapiens_grch38.synonyms:md5,4d2076f947bfda03b7644988ae595950"
                        },
                        {
                            "source": "dbSNP",
                            "sources_meta_file": "sources_meta.json:md5,327e9a4b81422f1166049c3fbb600306"
                        },
                        "FORMATTED-null-test_format_vcf.vcf.vcf.gz:md5,bf6cddf17db928022285bb8931e5e4d5",
                        "FORMATTED-null-test_format_vcf.vcf.vcf.gz.csi:md5,55203fd680ed9f9bf934300230926e3e"
                    ]
                ]
            }
        ],
        "meta": {
            "nf-test": "0.9.2",
            "nextflow": "23.10.1"
        },
        "timestamp": "2026-03-03T09:54:19.003181"
    }
}