{
    "vcf_to_bed": {
        "content": [
            {
                "0": [
                    [
                        {
                            
                        },
                        "test_vcftobed.bed:md5,d90070c91c737c330311884ec60b7e8d"
                    ]
                ]
            }
        ],
        "meta": {
            "nf-test": "0.9.2",
            "nextflow": "23.10.1"
        },
        "timestamp": "2025-10-19T23:18:04.090451"
    },
    "vcf_to_bed - short_variants": {
        "content": [
            {
                "0": [
                    [
                        {
                            
                        },
                        "test_vcftobed.bed:md5,c860c6349840456f0defe0e81bdd814e"
                    ]
                ]
            }
        ],
        "meta": {
            "nf-test": "0.9.2",
            "nextflow": "23.10.1"
        },
        "timestamp": "2025-10-19T23:40:18.329091"
    },
    "vcf_to_bed - --structural_variant for symbolic alts": {
        "content": [
            {
                "0": [
                    [
                        {
                            
                        },
                        "test_symbolic.bed:md5,5808da7e1b2607a4abb7083775ce1bde"
                    ]
                ]
            }
        ],
        "meta": {
            "nf-test": "0.9.2",
            "nextflow": "23.10.1"
        },
        "timestamp": "2025-10-19T23:36:15.296801"
    }
}