{
    "cache inactive": {
        "content": [
            {
                "0": [
                    [
                        {
                            "genome_uuid": "2b5fb047-5992-4dfb-b2fa-1fb4e18d1abb",
                            "species": "homo_sapiens",
                            "assembly": "GRCh38"
                        },
                        "homo_sapiens_GRCh38.ini:md5,605cdf9693641626b6bbdb864c261b06"
                    ]
                ]
            }
        ],
        "meta": {
            "nf-test": "0.9.2",
            "nextflow": "23.10.1"
        },
        "timestamp": "2026-02-02T13:07:52.379294"
    }
}